---
source: tests/integration.rs
input_file: tests/codegen/arrow_access.nolana
---
v.foo->v.bar
