---
source: tests/codegen.rs
expression: out
---
false;true;
