---
source: tests/codegen.rs
expression: out
---
return v.a;break;continue;this;
