---
source: tests/codegen.rs
expression: out
---
q.foo?1
