---
source: tests/integration.rs
input_file: tests/codegen/string.nolana
---
'foo_bar123.-$#*()'
