---
source: tests/codegen.rs
expression: out
---
v.foo->v.bar
