---
source: tests/integration.rs
input_file: tests/codegen/block.nolana
---
{v.a=0;};
