---
source: tests/codegen.rs
expression: out
---
array.foo[q.bar]
