---
source: tests/integration.rs
input_file: tests/codegen/array_access.nolana
---
array.foo[q.bar]
