---
source: tests/parser.rs
---
ParserReturn {
    program: Program {
        span: Span {
            start: 0,
            end: 12,
        },
        source: "variable.foo",
        is_complex: false,
        body: [
            Variable(
                VariableExpression {
                    span: Span {
                        start: 0,
                        end: 12,
                    },
                    lifetime: Variable,
                    member: Property {
                        span: Span {
                            start: 0,
                            end: 12,
                        },
                        property: IdentifierReference {
                            span: Span {
                                start: 9,
                                end: 12,
                            },
                            name: "foo",
                        },
                    },
                },
            ),
        ],
    },
    errors: [],
    panicked: false,
}
