---
source: tests/semantics.rs
---
[
    Diagnostic {
        inner: DiagnosticInner {
            message: "Strings only support `==` and `!=` operators",
            labels: Some(
                [
                    LabeledSpan {
                        label: None,
                        span: SourceSpan {
                            offset: SourceOffset(
                                0,
                            ),
                            length: 9,
                        },
                        primary: false,
                    },
                ],
            ),
            help: None,
            severity: Error,
        },
    },
]
