---
source: tests/integration/codegen.rs
expression: out
---
v.v.temp.t.context.c.query.q.math.a.b.c
