---
source: tests/integration/codegen.rs
expression: out
---
v.cow.location=16;
