---
source: tests/integration/codegen.rs
expression: out
---
v.foo->v.bar
