---
source: tests/integration/semantics.rs
expression: out
---
[]
